07:48:52.373 [main                     ] DEBUG Logger               - Configured Logger
07:48:52.377 [main                     ] DEBUG GameApplication      - Logging settings
Title: LBYCPOB Credits
Version: 1.0
Width: 1280
Height: 720
Fullscreen: true
Intro: false
Profiling: false
Single step:false
App Mode: DEVELOPER
Menu Key: ESCAPE
Stage Style: DECORATED
Scene Factory: class com.almasb.fxgl.app.scene.SceneFactory

07:48:54.257 [JavaFX Application Thread] DEBUG FXGLApplication      - Initializing FXGL
07:48:54.259 [JavaFX Application Thread] INFO  Engine               - FXGL-25 (05.02.2026 22.57) on WINDOWS (J:25.0.3 FX:25.0.1)
07:48:54.260 [JavaFX Application Thread] DEBUG Engine               - JRE Vendor Name: Oracle Corporation
07:48:54.260 [JavaFX Application Thread] DEBUG Engine               - Running on OS: Windows 11 version 10.0
07:48:54.260 [JavaFX Application Thread] DEBUG Engine               - Architecture: amd64
07:48:54.260 [JavaFX Application Thread] INFO  Engine               - Source code and latest versions at: https://github.com/AlmasB/FXGL
07:48:54.260 [JavaFX Application Thread] INFO  Engine               -       Ask questions and discuss at: https://github.com/AlmasB/FXGL/discussions
07:48:54.350 [JavaFX Application Thread] DEBUG PrimaryStageWindow   - Creating a JavaFX scene
07:48:54.457 [JavaFX Application Thread] DEBUG PrimaryStageWindow   - Target settings size: 1280.0 x 720.0
07:48:54.457 [JavaFX Application Thread] DEBUG PrimaryStageWindow   - Scaled scene size:    1280.0 x 720.0
07:48:54.457 [JavaFX Application Thread] DEBUG PrimaryStageWindow   - Scaled ratio: (1.0, 1.0)
07:48:54.458 [JavaFX Application Thread] DEBUG PrimaryStageWindow   - Set initial scene to FXGLStartupScene
07:48:54.461 [JavaFX Application Thread] DEBUG PrimaryStageWindow   - Opening main window
07:48:54.753 [JavaFX Application Thread] DEBUG PrimaryStageWindow   - Window border size: (16.0, 39.0)
07:48:54.753 [JavaFX Application Thread] DEBUG PrimaryStageWindow   - Scaled size: 1280.0 x 720.0
07:48:54.753 [JavaFX Application Thread] DEBUG PrimaryStageWindow   - Scaled ratio: (1.0, 1.0)
07:48:54.753 [JavaFX Application Thread] DEBUG PrimaryStageWindow   - Scene size: 1280.0 x 720.0
07:48:54.753 [JavaFX Application Thread] DEBUG PrimaryStageWindow   - Stage size: 1296.0 x 759.0
07:48:54.787 [JavaFX Application Thread] DEBUG PrimaryStageWindow   - Going fullscreen
07:48:54.792 [FXGL Background Thread 1 ] DEBUG Engine               - Initializing environment variables
07:48:54.855 [FXGL Background Thread 1 ] DEBUG FXGLAssetLoaderServi - User app class for loading assets: class ph.edu.dlsu.lbycpob.lbycpobbulletcredits.Main
07:48:54.856 [FXGL Background Thread 1 ] DEBUG GameApplicationServi - Applying CSS: fxgl_dark.css
07:48:54.856 [FXGL Background Thread 1 ] DEBUG FXGLAssetLoaderServi - Loading from file system: jar:file:/D:/Users/12510181/.m2/repository/com/github/almasb/fxgl/25/fxgl-25.jar!/fxglassets/ui/css/fxgl_dark.css
07:48:54.888 [FXGL Background Thread 1 ] DEBUG GameApplicationServi - Initializing application scenes
07:48:54.933 [FXGL Background Thread 1 ] DEBUG GameWorld            - Game world initialized
07:48:54.995 [FXGL Background Thread 1 ] DEBUG PhysicsWorld         - Physics world initialized: appHeight=720, physics.ppm=50.0
07:48:54.995 [FXGL Background Thread 1 ] DEBUG PhysicsWorld         - Using strategy: BRUTE_FORCE
07:48:54.999 [FXGL Background Thread 1 ] DEBUG GameScene            - Game scene initialized: 1280x720
07:48:55.037 [FXGL Background Thread 1 ] DEBUG FXGL.DefaultMenu     - createMenuBodyGameMenu()
07:48:55.047 [FXGL Background Thread 1 ] DEBUG FXGL.DefaultMenu     - createOptionsMenu()
07:48:55.055 [FXGL Background Thread 1 ] DEBUG FXGLAssetLoaderServi - Loading from file system: jar:file:/D:/Users/12510181/.m2/repository/com/github/almasb/fxgl/25/fxgl-25.jar!/fxglassets/textures/particles/smoke.png
07:48:55.106 [FXGL Background Thread 1 ] DEBUG FXGLAssetLoaderServi - Loading from file system: jar:file:/D:/Users/12510181/.m2/repository/com/github/almasb/fxgl/25/fxgl-25.jar!/fxglassets/textures/particles/trace_horizontal.png
07:48:55.118 [FXGL Background Thread 1 ] DEBUG GameApplicationServi - Application scenes initialized
07:48:55.126 [FXGL Background Thread 1 ] DEBUG SystemBundleService  - Loading FXGL system data
07:48:55.131 [FXGL Background Thread 1 ] DEBUG FileSystemAccess     - Reading from: D:\Users\12510181\Downloads\LBYCPOBBulletCredits\LBYCPOBBulletCredits\system\fxgl.bundle
07:48:55.138 [FXGL Background Thread 1 ] DEBUG SystemBundleService  - Bundle FXGL: {}
07:48:55.138 [FXGL Background Thread 1 ] DEBUG UpdaterService       - Checking for updates
07:48:55.140 [FXGL Background Thread 4 ] DEBUG FXGLApplication      - Loading fonts
07:48:55.140 [FXGL Background Thread 4 ] DEBUG FXGLAssetLoaderServi - Loading from file system: jar:file:/D:/Users/12510181/.m2/repository/com/github/almasb/fxgl/25/fxgl-25.jar!/fxglassets/ui/fonts/VarelaRound-Regular.ttf
07:48:55.141 [FXGL Background Thread 1 ] DEBUG FXGLApplication      - Loading default localization
07:48:55.141 [FXGL Background Thread 1 ] DEBUG FXGLAssetLoaderServi - Loading from file system: jar:file:/D:/Users/12510181/.m2/repository/com/github/almasb/fxgl/25/fxgl-25.jar!/fxglassets/languages/english.lang
07:48:55.166 [FXGL Background Thread 4 ] DEBUG FXGLAssetLoaderServi - Loading from file system: jar:file:/D:/Users/12510181/.m2/repository/com/github/almasb/fxgl/25/fxgl-25.jar!/fxglassets/ui/fonts/Abel-Regular.ttf
07:48:55.169 [FXGL Background Thread 1 ] INFO  FXGLApplication      - FXGL initialization took: 0.377 sec
07:48:55.174 [FXGL Background Thread 4 ] DEBUG FXGLAssetLoaderServi - Loading from file system: jar:file:/D:/Users/12510181/.m2/repository/com/github/almasb/fxgl/25/fxgl-25.jar!/fxglassets/ui/fonts/TerminalLandMono-Regular.otf
07:48:55.175 [JavaFX Application Thread] DEBUG Input                - Registered new binding: Direction W - W
07:48:55.175 [JavaFX Application Thread] DEBUG Input                - Registered new binding: Direction UP - Up
07:48:55.175 [JavaFX Application Thread] DEBUG Input                - Registered new binding: Direction S - S
07:48:55.175 [JavaFX Application Thread] DEBUG Input                - Registered new binding: Direction DOWN - Down
07:48:55.175 [JavaFX Application Thread] DEBUG Input                - Registered new binding: Direction A - A
07:48:55.175 [JavaFX Application Thread] DEBUG Input                - Registered new binding: Direction LEFT - Left
07:48:55.175 [JavaFX Application Thread] DEBUG Input                - Registered new binding: Direction D - D
07:48:55.175 [JavaFX Application Thread] DEBUG Input                - Registered new binding: Direction RIGHT - Right
07:48:55.175 [JavaFX Application Thread] DEBUG Input                - Registered new binding: Start Game - Enter
07:48:55.175 [JavaFX Application Thread] DEBUG Input                - Registered new binding: Pause - P
07:48:55.175 [JavaFX Application Thread] DEBUG Input                - Registered new binding: Retry - R
07:48:55.175 [JavaFX Application Thread] DEBUG Input                - Registered new binding: Exit Game - Esc
07:48:55.175 [JavaFX Application Thread] DEBUG FXGLAssetLoaderServi - Loading from file system: jar:file:/D:/Users/12510181/.m2/repository/com/github/almasb/fxgl/25/fxgl-25.jar!/fxglassets/textures/fxgl_icon.png
07:48:55.179 [FXGL Background Thread 4 ] DEBUG FXGLAssetLoaderServi - Loading from file system: jar:file:/D:/Users/12510181/.m2/repository/com/github/almasb/fxgl/25/fxgl-25.jar!/fxglassets/ui/fonts/Courier-Prime.ttf
07:48:55.184 [JavaFX Application Thread] DEBUG FXGLAssetLoaderServi - Loading from file system: jar:file:/D:/Users/12510181/.m2/repository/com/github/almasb/fxgl/25/fxgl-25.jar!/fxglassets/textures/fxgl_default_cursor.png
07:48:55.185 [JavaFX Application Thread] DEBUG Input                - Registered new binding: Screenshot - CTRL+8
07:48:55.185 [JavaFX Application Thread] DEBUG Input                - Registered new binding: System info dump - CTRL+9
07:48:55.185 [JavaFX Application Thread] DEBUG Input                - Registered new binding: Restart - CTRL+R
07:48:55.187 [JavaFX Application Thread] DEBUG Input                - Registered new binding: Toggle Debug Camera - CTRL+7
07:48:55.188 [JavaFX Application Thread] DEBUG LoopRunner           - Starting loop
07:48:55.188 [JavaFX Application Thread] DEBUG LoopRunner           - Initializing JavaFX AnimationTimerLoop
07:48:55.189 [JavaFX Application Thread] DEBUG GameApplicationServi - Starting new game
07:48:55.189 [JavaFX Application Thread] DEBUG Input                - Clearing active input actions
07:48:55.194 [JavaFX Application Thread] DEBUG GameApplicationServi - Removing overlay from FXGLStartupScene and adding to FXGLLoadingScene
07:48:55.195 [JavaFX Application Thread] DEBUG PrimaryStageWindow   - FXGLStartupScene -> FXGLLoadingScene
07:48:55.195 [JavaFX Application Thread] DEBUG GameApplicationServi - Clearing previous game
07:48:55.195 [JavaFX Application Thread] DEBUG GameScene            - Clearing game scene
07:48:55.195 [JavaFX Application Thread] DEBUG GameWorld            - Clearing game world
07:48:55.195 [JavaFX Application Thread] DEBUG PhysicsWorld         - Clearing physics world
07:48:55.196 [FXGL Background Thread 4 ] DEBUG FXGLApplication      - Initializing game
07:48:55.196 [JavaFX Application Thread] DEBUG FXGLApplication      - Registering font factories with UI factory
07:48:55.327 [FXGL Background Thread 4 ] INFO  FXGLApplication      - Game initialization took: 0.131 sec
07:48:55.350 [JavaFX Application Thread] DEBUG Input                - Clearing active input actions
07:48:55.355 [JavaFX Application Thread] DEBUG GameApplicationServi - Removing overlay from FXGLLoadingScene and adding to GameScene
07:48:55.355 [JavaFX Application Thread] DEBUG PrimaryStageWindow   - FXGLLoadingScene -> GameScene
07:48:58.140 [FXGL Background Thread 3 ] DEBUG Engine               - Logging environment variables
07:48:58.140 [FXGL Background Thread 3 ] DEBUG Engine               - achievements: []
07:48:58.141 [FXGL Background Thread 3 ] DEBUG Engine               - actualHeight: 1080.0
07:48:58.141 [FXGL Background Thread 3 ] DEBUG Engine               - actualHeightProperty: ReadOnlyDoubleProperty [value: 1080.0]
07:48:58.141 [FXGL Background Thread 3 ] DEBUG Engine               - actualWidth: 1920.0
07:48:58.141 [FXGL Background Thread 3 ] DEBUG Engine               - actualWidthProperty: ReadOnlyDoubleProperty [value: 1920.0]
07:48:58.141 [FXGL Background Thread 3 ] DEBUG Engine               - appIcon: fxgl_icon.png
07:48:58.141 [FXGL Background Thread 3 ] DEBUG Engine               - applicationMode: DEVELOPER
07:48:58.141 [FXGL Background Thread 3 ] DEBUG Engine               - cSSList: [fxgl_dark.css]
07:48:58.141 [FXGL Background Thread 3 ] DEBUG Engine               - collisionDetectionStrategy: BRUTE_FORCE
07:48:58.141 [FXGL Background Thread 3 ] DEBUG Engine               - configClass: Optional.empty
07:48:58.141 [FXGL Background Thread 3 ] DEBUG Engine               - credits: []
07:48:58.141 [FXGL Background Thread 3 ] DEBUG Engine               - defaultCursor: CursorInfo(imageName=fxgl_default_cursor.png, hotspotX=7.0, hotspotY=6.0)
07:48:58.141 [FXGL Background Thread 3 ] DEBUG Engine               - devBBoxColorProperty: ObjectProperty [value: 0xff0000ff]
07:48:58.142 [FXGL Background Thread 3 ] DEBUG Engine               - devEnableDebugCameraProperty: BooleanProperty [value: false]
07:48:58.142 [FXGL Background Thread 3 ] DEBUG Engine               - devSensorColorProperty: ObjectProperty [value: 0xffff00ff]
07:48:58.142 [FXGL Background Thread 3 ] DEBUG Engine               - devShowBBoxProperty: BooleanProperty [value: false]
07:48:58.142 [FXGL Background Thread 3 ] DEBUG Engine               - devShowPositionProperty: BooleanProperty [value: false]
07:48:58.142 [FXGL Background Thread 3 ] DEBUG Engine               - enabledMenuItems: []
07:48:58.142 [FXGL Background Thread 3 ] DEBUG Engine               - engineServices: [class com.almasb.fxgl.app.services.FXGLAssetLoaderService, class com.almasb.fxgl.app.FXGLApplication$GameApplicationService, class com.almasb.fxgl.app.services.FXGLDialogService, class com.almasb.fxgl.app.services.IOTaskExecutorService, class com.almasb.fxgl.io.FileSystemService, class com.almasb.fxgl.localization.LocalizationService, class com.almasb.fxgl.app.services.SystemBundleService, class com.almasb.fxgl.profile.SaveLoadService, class com.almasb.fxgl.ui.FXGLUIFactoryServiceProvider, class com.almasb.fxgl.ui.FXGLDialogFactoryServiceProvider, class com.almasb.fxgl.audio.AudioPlayer, class com.almasb.fxgl.notification.impl.NotificationServiceProvider, class com.almasb.fxgl.achievement.AchievementService, class com.almasb.fxgl.cutscene.CutsceneService, class com.almasb.fxgl.minigames.MiniGameService, class com.almasb.fxgl.net.NetService, class com.almasb.fxgl.app.services.UpdaterService, class com.almasb.fxgl.dev.DevService]
07:48:58.142 [FXGL Background Thread 3 ] DEBUG Engine               - fontGame: Abel-Regular.ttf
07:48:58.142 [FXGL Background Thread 3 ] DEBUG Engine               - fontMono: TerminalLandMono-Regular.otf
07:48:58.142 [FXGL Background Thread 3 ] DEBUG Engine               - fontSizeScaleUI: 1.0
07:48:58.142 [FXGL Background Thread 3 ] DEBUG Engine               - fontText: Courier-Prime.ttf
07:48:58.142 [FXGL Background Thread 3 ] DEBUG Engine               - fontUI: VarelaRound-Regular.ttf
07:48:58.142 [FXGL Background Thread 3 ] DEBUG Engine               - fpsRefreshRate: 500.0 ms
07:48:58.142 [FXGL Background Thread 3 ] DEBUG Engine               - fullScreen: BooleanProperty [value: true]
07:48:58.142 [FXGL Background Thread 3 ] DEBUG Engine               - gameDifficulty: MEDIUM
07:48:58.142 [FXGL Background Thread 3 ] DEBUG Engine               - gameDifficultyProperty: ObjectProperty [value: MEDIUM]
07:48:58.142 [FXGL Background Thread 3 ] DEBUG Engine               - globalMusicVolume: 0.5
07:48:58.142 [FXGL Background Thread 3 ] DEBUG Engine               - globalMusicVolumeProperty: DoubleProperty [value: 0.5]
07:48:58.143 [FXGL Background Thread 3 ] DEBUG Engine               - globalSoundVolume: 0.5
07:48:58.143 [FXGL Background Thread 3 ] DEBUG Engine               - globalSoundVolumeProperty: DoubleProperty [value: 0.5]
07:48:58.143 [FXGL Background Thread 3 ] DEBUG Engine               - height: 720
07:48:58.143 [FXGL Background Thread 3 ] DEBUG Engine               - is3D: false
07:48:58.143 [FXGL Background Thread 3 ] DEBUG Engine               - isAndroid: false
07:48:58.143 [FXGL Background Thread 3 ] DEBUG Engine               - isBrowser: false
07:48:58.143 [FXGL Background Thread 3 ] DEBUG Engine               - isClickFeedbackEnabled: false
07:48:58.143 [FXGL Background Thread 3 ] DEBUG Engine               - isCloseConfirmation: false
07:48:58.143 [FXGL Background Thread 3 ] DEBUG Engine               - isDesktop: true
07:48:58.143 [FXGL Background Thread 3 ] DEBUG Engine               - isDeveloperMenuEnabled: false
07:48:58.143 [FXGL Background Thread 3 ] DEBUG Engine               - isEmbedded: false
07:48:58.143 [FXGL Background Thread 3 ] DEBUG Engine               - isEntityPreloadEnabled: true
07:48:58.143 [FXGL Background Thread 3 ] DEBUG Engine               - isExperimentalTiledLargeMap: false
07:48:58.143 [FXGL Background Thread 3 ] DEBUG Engine               - isFileSystemWriteAllowed: true
07:48:58.143 [FXGL Background Thread 3 ] DEBUG Engine               - isFullScreenAllowed: true
07:48:58.143 [FXGL Background Thread 3 ] DEBUG Engine               - isFullScreenFromStart: true
07:48:58.143 [FXGL Background Thread 3 ] DEBUG Engine               - isGameMenuEnabled: true
07:48:58.143 [FXGL Background Thread 3 ] DEBUG Engine               - isIOS: false
07:48:58.143 [FXGL Background Thread 3 ] DEBUG Engine               - isIntroEnabled: false
07:48:58.143 [FXGL Background Thread 3 ] DEBUG Engine               - isLinux: false
07:48:58.143 [FXGL Background Thread 3 ] DEBUG Engine               - isMac: false
07:48:58.143 [FXGL Background Thread 3 ] DEBUG Engine               - isMainMenuEnabled: false
07:48:58.144 [FXGL Background Thread 3 ] DEBUG Engine               - isManualResizeEnabled: false
07:48:58.144 [FXGL Background Thread 3 ] DEBUG Engine               - isMobile: false
07:48:58.144 [FXGL Background Thread 3 ] DEBUG Engine               - isNative: false
07:48:58.144 [FXGL Background Thread 3 ] DEBUG Engine               - isPauseMusicWhenMinimized: true
07:48:58.144 [FXGL Background Thread 3 ] DEBUG Engine               - isPreserveResizeRatio: false
07:48:58.144 [FXGL Background Thread 3 ] DEBUG Engine               - isProfilingEnabled: false
07:48:58.144 [FXGL Background Thread 3 ] DEBUG Engine               - isScaleAffectedOnResize: true
07:48:58.144 [FXGL Background Thread 3 ] DEBUG Engine               - isSingleStep: false
07:48:58.144 [FXGL Background Thread 3 ] DEBUG Engine               - isUserProfileEnabled: false
07:48:58.144 [FXGL Background Thread 3 ] DEBUG Engine               - isWindows: true
07:48:58.144 [FXGL Background Thread 3 ] DEBUG Engine               - language: ObjectProperty [value: ENGLISH]
07:48:58.144 [FXGL Background Thread 3 ] DEBUG Engine               - menuKey: ESCAPE
07:48:58.144 [FXGL Background Thread 3 ] DEBUG Engine               - mouseSensitivity: 0.2
07:48:58.144 [FXGL Background Thread 3 ] DEBUG Engine               - notificationViewClass: class com.almasb.fxgl.notification.view.XboxNotificationView
07:48:58.144 [FXGL Background Thread 3 ] DEBUG Engine               - pixelsPerMeter: 50.0
07:48:58.144 [FXGL Background Thread 3 ] DEBUG Engine               - platform: WINDOWS
07:48:58.144 [FXGL Background Thread 3 ] DEBUG Engine               - prefHeightProperty: ReadOnlyDoubleProperty [value: 720.0]
07:48:58.144 [FXGL Background Thread 3 ] DEBUG Engine               - prefWidthProperty: ReadOnlyDoubleProperty [value: 1280.0]
07:48:58.144 [FXGL Background Thread 3 ] DEBUG Engine               - profileDir: profiles/
07:48:58.144 [FXGL Background Thread 3 ] DEBUG Engine               - profileName: StringProperty [value: DEFAULT]
07:48:58.144 [FXGL Background Thread 3 ] DEBUG Engine               - randomSeed: -1
07:48:58.144 [FXGL Background Thread 3 ] DEBUG Engine               - runtimeInfo: RuntimeInfo(platform=WINDOWS, version=25, build=05.02.2026 22.57)
07:48:58.144 [FXGL Background Thread 3 ] DEBUG Engine               - saveFileExt: sav
07:48:58.144 [FXGL Background Thread 3 ] DEBUG Engine               - scaledHeightProp$fxgl: DoubleProperty [bound, value: 1080.0]
07:48:58.144 [FXGL Background Thread 3 ] DEBUG Engine               - scaledWidthProp$fxgl: DoubleProperty [bound, value: 1920.0]
07:48:58.144 [FXGL Background Thread 3 ] DEBUG Engine               - sceneFactory: com.almasb.fxgl.app.scene.SceneFactory@5861e24d
07:48:58.144 [FXGL Background Thread 3 ] DEBUG Engine               - secondsIn24h: 60
07:48:58.144 [FXGL Background Thread 3 ] DEBUG Engine               - soundMenuBack: menu/back.wav
07:48:58.144 [FXGL Background Thread 3 ] DEBUG Engine               - soundMenuPress: menu/press.wav
07:48:58.144 [FXGL Background Thread 3 ] DEBUG Engine               - soundMenuSelect: menu/select.wav
07:48:58.144 [FXGL Background Thread 3 ] DEBUG Engine               - soundNotification: core/notification.wav
07:48:58.144 [FXGL Background Thread 3 ] DEBUG Engine               - stageStyle: DECORATED
07:48:58.144 [FXGL Background Thread 3 ] DEBUG Engine               - supportedLanguages: [ENGLISH, FRENCH, GERMAN, HUNGARIAN, RUSSIAN]
07:48:58.144 [FXGL Background Thread 3 ] DEBUG Engine               - ticksPerSecond: -1
07:48:58.144 [FXGL Background Thread 3 ] DEBUG Engine               - title: LBYCPOB Credits
07:48:58.144 [FXGL Background Thread 3 ] DEBUG Engine               - urlGithub: https://github.com/AlmasB/FXGL
07:48:58.144 [FXGL Background Thread 3 ] DEBUG Engine               - urlLeaderboard: http://fxgl-top.herokuapp.com/
07:48:58.144 [FXGL Background Thread 3 ] DEBUG Engine               - urlPOM: https://raw.githubusercontent.com/AlmasB/FXGL/release/README.md
07:48:58.144 [FXGL Background Thread 3 ] DEBUG Engine               - userAppClass: class ph.edu.dlsu.lbycpob.lbycpobbulletcredits.Main
07:48:58.144 [FXGL Background Thread 3 ] DEBUG Engine               - version: 1.0
07:48:58.144 [FXGL Background Thread 3 ] DEBUG Engine               - versionCheckDays: 7
07:48:58.144 [FXGL Background Thread 3 ] DEBUG Engine               - width: 1280
07:48:58.144 [FXGL Background Thread 3 ] DEBUG Engine               - Logging services
07:48:58.144 [FXGL Background Thread 3 ] DEBUG Engine               - class com.almasb.fxgl.app.services.FXGLAssetLoaderService
07:48:58.144 [FXGL Background Thread 3 ] DEBUG Engine               - class com.almasb.fxgl.app.FXGLApplication$GameApplicationService
07:48:58.144 [FXGL Background Thread 3 ] DEBUG Engine               - class com.almasb.fxgl.app.services.FXGLDialogService
07:48:58.144 [FXGL Background Thread 3 ] DEBUG Engine               - class com.almasb.fxgl.app.services.IOTaskExecutorService
07:48:58.144 [FXGL Background Thread 3 ] DEBUG Engine               - class com.almasb.fxgl.io.FileSystemService
07:48:58.144 [FXGL Background Thread 3 ] DEBUG Engine               - class com.almasb.fxgl.localization.LocalizationService
07:48:58.144 [FXGL Background Thread 3 ] DEBUG Engine               - class com.almasb.fxgl.app.services.SystemBundleService
07:48:58.144 [FXGL Background Thread 3 ] DEBUG Engine               - class com.almasb.fxgl.profile.SaveLoadService
07:48:58.144 [FXGL Background Thread 3 ] DEBUG Engine               - class com.almasb.fxgl.ui.FXGLUIFactoryServiceProvider
07:48:58.144 [FXGL Background Thread 3 ] DEBUG Engine               - class com.almasb.fxgl.ui.FXGLDialogFactoryServiceProvider
07:48:58.144 [FXGL Background Thread 3 ] DEBUG Engine               - class com.almasb.fxgl.audio.AudioPlayer
07:48:58.144 [FXGL Background Thread 3 ] DEBUG Engine               - class com.almasb.fxgl.notification.impl.NotificationServiceProvider
07:48:58.144 [FXGL Background Thread 3 ] DEBUG Engine               - class com.almasb.fxgl.achievement.AchievementService
07:48:58.144 [FXGL Background Thread 3 ] DEBUG Engine               - class com.almasb.fxgl.cutscene.CutsceneService
07:48:58.144 [FXGL Background Thread 3 ] DEBUG Engine               - class com.almasb.fxgl.minigames.MiniGameService
07:48:58.144 [FXGL Background Thread 3 ] DEBUG Engine               - class com.almasb.fxgl.net.NetService
07:48:58.144 [FXGL Background Thread 3 ] DEBUG Engine               - class com.almasb.fxgl.app.services.UpdaterService
07:48:58.144 [FXGL Background Thread 3 ] DEBUG Engine               - class com.almasb.fxgl.dev.DevService
07:48:58.613 [JavaFX Application Thread] DEBUG FXGLAssetLoaderServi - Loading from file system: file:/D:/Users/12510181/Downloads/LBYCPOBBulletCredits/LBYCPOBBulletCredits/target/classes/assets/music/battle-theme.mp3
07:48:59.205 [JavaFX Application Thread] DEBUG AudioPlayer          - Playing music com.almasb.fxgl.audio.Music@35171de5
07:48:59.210 [JavaFX Application Thread] DEBUG FXGLAssetLoaderServi - Loading from file system: file:/D:/Users/12510181/Downloads/LBYCPOBBulletCredits/LBYCPOBBulletCredits/target/classes/assets/music/shoot_loop.mp3
07:48:59.230 [JavaFX Application Thread] DEBUG AudioPlayer          - Playing music com.almasb.fxgl.audio.Music@14170b3
07:49:02.327 [JavaFX Application Thread] DEBUG FXGLAssetLoaderServi - Loading from file system: file:/D:/Users/12510181/Downloads/LBYCPOBBulletCredits/LBYCPOBBulletCredits/target/classes/assets/music/word_hit.mp3
07:49:02.334 [JavaFX Application Thread] DEBUG AudioPlayer          - Playing music com.almasb.fxgl.audio.Music@46f649b5
07:49:03.031 [JavaFX Application Thread] DEBUG AudioPlayer          - Playing music com.almasb.fxgl.audio.Music@46f649b5
07:49:03.159 [JavaFX Application Thread] DEBUG AudioPlayer          - Playing music com.almasb.fxgl.audio.Music@46f649b5
07:49:03.721 [JavaFX Application Thread] DEBUG PrimaryStageWindow   - Push state: FXGLDefaultMenu
07:49:03.725 [JavaFX Application Thread] DEBUG Input                - Clearing active input actions
07:49:03.747 [JavaFX Application Thread] DEBUG GameApplicationServi - Removing overlay from GameScene and adding to FXGLDefaultMenu
07:49:03.747 [JavaFX Application Thread] DEBUG PrimaryStageWindow   - GameScene -> FXGLDefaultMenu
07:49:04.520 [JavaFX Application Thread] DEBUG PrimaryStageWindow   - Pop state: FXGLDefaultMenu
07:49:04.520 [JavaFX Application Thread] DEBUG Input                - Clearing active input actions
07:49:04.521 [JavaFX Application Thread] DEBUG GameApplicationServi - Removing overlay from FXGLDefaultMenu and adding to GameScene
07:49:04.521 [JavaFX Application Thread] DEBUG PrimaryStageWindow   - GameScene <- FXGLDefaultMenu
07:49:04.727 [JavaFX Application Thread] DEBUG FXGLAssetLoaderServi - Loading from file system: file:/D:/Users/12510181/Downloads/LBYCPOBBulletCredits/LBYCPOBBulletCredits/target/classes/assets/music/explosion.mp3
07:49:04.748 [JavaFX Application Thread] DEBUG AudioPlayer          - Playing music com.almasb.fxgl.audio.Music@62817d17
07:49:04.820 [JavaFX Application Thread] DEBUG PrimaryStageWindow   - Push state: FXGLDefaultMenu
07:49:04.820 [JavaFX Application Thread] DEBUG Input                - Clearing active input actions
07:49:04.821 [JavaFX Application Thread] DEBUG GameApplicationServi - Removing overlay from GameScene and adding to FXGLDefaultMenu
07:49:04.821 [JavaFX Application Thread] DEBUG PrimaryStageWindow   - GameScene -> FXGLDefaultMenu
07:49:05.987 [JavaFX Application Thread] DEBUG Menu                 - fireExit()
07:49:05.989 [JavaFX Application Thread] DEBUG PrimaryStageWindow   - Push state: DialogSubScene
07:49:05.989 [JavaFX Application Thread] DEBUG Input                - Clearing active input actions
07:49:05.989 [JavaFX Application Thread] DEBUG GameApplicationServi - Removing overlay from FXGLDefaultMenu and adding to DialogSubScene
07:49:05.989 [JavaFX Application Thread] DEBUG PrimaryStageWindow   - FXGLDefaultMenu -> DialogSubScene
07:49:06.963 [JavaFX Application Thread] DEBUG PrimaryStageWindow   - Pop state: DialogSubScene
07:49:06.963 [JavaFX Application Thread] DEBUG Input                - Clearing active input actions
07:49:06.964 [JavaFX Application Thread] DEBUG GameApplicationServi - Removing overlay from DialogSubScene and adding to FXGLDefaultMenu
07:49:06.964 [JavaFX Application Thread] DEBUG PrimaryStageWindow   - FXGLDefaultMenu <- DialogSubScene
07:49:06.964 [JavaFX Application Thread] DEBUG FXGLApplication      - Exiting FXGL
07:49:06.964 [JavaFX Application Thread] DEBUG LoopRunner           - Stopping loop
07:49:06.964 [JavaFX Application Thread] DEBUG SystemBundleService  - Saving FXGL system data
07:49:06.968 [JavaFX Application Thread] DEBUG FileSystemAccess     - Writing to: D:\Users\12510181\Downloads\LBYCPOBBulletCredits\LBYCPOBBulletCredits\system\fxgl.bundle
07:49:06.968 [JavaFX Application Thread] DEBUG Async                - Shutting down background threads
07:49:06.968 [JavaFX Application Thread] DEBUG PrimaryStageWindow   - Closing main window
07:49:06.978 [JavaFX Application Thread] DEBUG Logger               - Closing Logger
